ffmpeg version 7.1 Copyright (c) 2000-2024 the FFmpeg developers
  built with Apple clang version 13.1.6 (clang-1316.0.21.2.5)
  configuration: --prefix=/Volumes/tempdisk/sw --extra-cflags=-fno-stack-check --arch=arm64 --cc=/usr/bin/clang --enable-gpl --enable-libvmaf --enable-libopenjpeg --enable-libopus --enable-libmp3lame --enable-libx264 --enable-libx265 --enable-libvpx --enable-libwebp --enable-libass --enable-libfreetype --enable-fontconfig --enable-libtheora --enable-libvorbis --enable-libsnappy --enable-libaom --enable-libvidstab --enable-libzimg --enable-libsvtav1 --enable-libharfbuzz --enable-libkvazaar --pkg-config-flags=--static --enable-ffplay --enable-postproc --enable-neon --enable-runtime-cpudetect --disable-indev=qtkit --disable-indev=x11grab_xcb
  libavutil      59. 39.100 / 59. 39.100
  libavcodec     61. 19.100 / 61. 19.100
  libavformat    61.  7.100 / 61.  7.100
  libavdevice    61.  3.100 / 61.  3.100
  libavfilter    10.  4.100 / 10.  4.100
  libswscale      8.  3.100 /  8.  3.100
  libswresample   5.  3.100 /  5.  3.100
  libpostproc    58.  3.100 / 58.  3.100
Input #0, rawvideo, from 'fd:':
  Duration: N/A, start: 0.000000, bitrate: 530841 kb/s
  Stream #0:0: Video: rawvideo (RGB[24] / 0x18424752), rgb24, 1280x720, 530841 kb/s, 24 tbr, 24 tbn
Stream mapping:
  Stream #0:0 -> #0:0 (rawvideo (native) -> h264 (libx264))
[libx264 @ 0x140804c10] using cpu capabilities: ARMv8 NEON
[libx264 @ 0x140804c10] profile High, level 3.1, 4:2:0, 8-bit
[libx264 @ 0x140804c10] 264 - core 164 r3190 7ed753b - H.264/MPEG-4 AVC codec - Copyleft 2003-2024 - http://www.videolan.org/x264.html - options: cabac=1 ref=3 deblock=1:0:0 analyse=0x3:0x113 me=hex subme=7 psy=1 psy_rd=1.00:0.00 mixed_ref=1 me_range=16 chroma_me=1 trellis=1 8x8dct=1 cqm=0 deadzone=21,11 fast_pskip=1 chroma_qp_offset=-2 threads=15 lookahead_threads=2 sliced_threads=0 nr=0 decimate=1 interlaced=0 bluray_compat=0 constrained_intra=0 bframes=3 b_pyramid=2 b_adapt=1 b_bias=0 direct=1 weightb=1 open_gop=0 weightp=2 keyint=250 keyint_min=24 scenecut=40 intra_refresh=0 rc_lookahead=40 rc=crf mbtree=1 crf=17.0 qcomp=0.60 qpmin=0 qpmax=69 qpstep=4 ip_ratio=1.40 aq=1:1.00
Output #0, mp4, to '/Users/edmondmbadu/repo/receipt-nest/artifacts/i-have-my-ways/exports/coffee-scene-picture.mp4':
  Metadata:
    encoder         : Lavf61.7.100
  Stream #0:0: Video: h264 (avc1 / 0x31637661), yuv420p(tv, progressive), 1280x720, q=2-31, 24 fps, 12288 tbn
      Metadata:
        encoder         : Lavc61.19.100 libx264
      Side data:
        cpb: bitrate max/min/avg: 0/0/0 buffer size: 0 vbv_delay: N/A
frame=   42 fps=0.0 q=22.0 size=     768KiB time=00:00:01.66 bitrate=3775.1kbits/s speed=3.33x    frame=  131 fps=130 q=22.0 size=    2304KiB time=00:00:05.37 bitrate=3511.6kbits/s speed=5.32x    [out#0/mp4 @ 0x12f6047c0] video:3298KiB audio:0KiB subtitle:0KiB other streams:0KiB global headers:0KiB muxing overhead: 0.094857%
frame=  192 fps=145 q=-1.0 Lsize=    3301KiB time=00:00:07.91 bitrate=3415.4kbits/s speed=5.96x    
[libx264 @ 0x140804c10] frame I:1     Avg QP:15.33  size:179038
[libx264 @ 0x140804c10] frame P:48    Avg QP:16.18  size: 52107
[libx264 @ 0x140804c10] frame B:143   Avg QP:21.55  size:  4866
[libx264 @ 0x140804c10] consecutive B-frames:  0.5%  0.0%  1.6% 97.9%
[libx264 @ 0x140804c10] mb I  I16..4:  2.6% 68.6% 28.8%
[libx264 @ 0x140804c10] mb P  I16..4:  0.1%  1.5%  0.8%  P16..4: 33.0% 32.7% 25.5%  0.0%  0.0%    skip: 6.4%
[libx264 @ 0x140804c10] mb B  I16..4:  0.0%  0.1%  0.0%  B16..8: 33.8%  3.7%  1.0%  direct: 1.3%  skip:60.1%  L0:40.7% L1:39.7% BI:19.5%
[libx264 @ 0x140804c10] 8x8 transform intra:63.5% inter:62.6%
[libx264 @ 0x140804c10] coded y,uvDC,uvAC intra: 90.8% 95.0% 84.0% inter: 18.3% 19.8% 6.6%
[libx264 @ 0x140804c10] i16 v,h,dc,p: 23% 48%  7% 21%
[libx264 @ 0x140804c10] i8 v,h,dc,ddl,ddr,vr,hd,vl,hu: 18% 26% 11%  5%  7%  7%  9%  8%  9%
[libx264 @ 0x140804c10] i4 v,h,dc,ddl,ddr,vr,hd,vl,hu: 19% 23%  9%  6%  9%  9%  9%  8%  8%
[libx264 @ 0x140804c10] i8c dc,h,v,p: 37% 32% 21% 10%
[libx264 @ 0x140804c10] Weighted P-Frames: Y:0.0% UV:0.0%
[libx264 @ 0x140804c10] ref P L0: 59.8% 20.5% 14.2%  5.4%
[libx264 @ 0x140804c10] ref B L0: 91.4%  7.5%  1.0%
[libx264 @ 0x140804c10] ref B L1: 96.3%  3.7%
[libx264 @ 0x140804c10] kb/s:3375.97
